<mxfile modified="2019-02-25T18:29:05.050Z" host="www.draw.io" agent="Mozilla/5.0 (Windows NT 6.1; Win64; x64; rv:65.0) Gecko/20100101 Firefox/65.0" etag="76PYgeNsuKYXuPQCriRl" version="10.2.7" type="github"><diagram id="mPMnp7jZminCoaTbOmP1" name="Page-1">7VxdV6M4GP41vfQcSEJKL6fWjznjrHtO3ePsJZZImUlJl6ZW99dvAklLSKp1ttBa9ELhJUDyPHk/E+zB89nzVR7Np99ZTGgPePFzD456APRDLH5LwUspQP1BKUjyNC5F3kYwTv8lpVDdlizTmCxKkV+KOGOUp3NTOGFZRibckEV5zlZms0dGY0MwjxJiCcaTiNrS+zTmUyX1PW9z4ZqkyVS9OgzUhVmkGyvBYhrFbFURwYsePM8Z4+XR7PmcUAmdCcvllqvrjuUk47vcAPs3P66D72xy+3QbP/z9FZzfTc7UU54iulQDVp3lLxqBnC2zmMiHeD04XE1TTsbzaCKvrgTjQjblMyrOfHFod0q/geScPFdEqpNXhM0Iz19EE311gMpb1ITx+wrA1QZ/3Ff9nFagB1jdGCnOk/WzN7CIA4XMO1ACx49S4OFDowSPDyVhfsy5pFGroOQjZKOEvYZAQscHEgImSGBgK5zGsRWMgj1jFKe5cA0py8T5gi3lmPaBWzDAJm5a3aq4OTTQx6Ah4PDxTS48AKYGhqGtgbDN2dU/PpAArBlzaGtgu2YqPD6QMARvg6Sjr1ZAGhwfSGtQXjRoDnXzHOoWNBUV+J6FEhKRgifGceljCzARJc/lYZzOSLYobPZbsEU0TaRpnwjYSC4Ec5ZmvBhHMOwFIyGRAKYiqP+imj4wztlMXFiIp6ZZMlTnI+F74JBGD4QOo8mvpKDvnFGWF72Dj8XPHniqh2/AswOT0KHwqKm57NuZQCjmN/5nKfOT4U48Vf1sxvLCz+7IXV4OcQfqZmkcy060wRL0aywFNkvIYXH8sDGa7FRkrU229ekESQj1DZJgYPsFF0lhYxbPToR8SZAn4trLsKsWD2Mzy4AapqpnGjg8U3Mmbwf/TeKEjNWpVBaWsCyiFxvp0PTwmzY3jM0VXT8J5y+qshUtOdvR64tUJZ+Q1wag3CeP8oTwVxqqdnIwr1KVExrx9Mksfe0fdztN8QNpw7aEBGKCcROyBc/ZL6JnacYyScRjSmlNZOnJVjvlUjiT2T2oQFhPGD07OEMODQBNaQCwYzOZsG51+ifDBARmmOz3d3PszTFhh18ykj99JhCo6YSOcA7GhB1hdYMJGNYd9G5xVHNM2HEUxF1gAqGaTmC7tt8uE3bVuhtMYG2N9OIlOrRO2NXLblgnjGqLFAf3E3aJtBuxUx++vT7bLhN2HvdZugKhGeEGjkW9dktXcIe9BodMt9/MopXp3V8WrW79U06cDXPr5UHNXH39oqwLqLtqpKy78T94spPCMj2XbzrtBN2v1XsDVykRt2ja9JLXZ7l3s8KFTcO2XmB+w7DpHQz758hR7pWpkyfkl+jdJK3IgjdSAebSQOry711hLc/Clmq/0AzeMAoszgBos/YL7YzmvauSp05aP6z5IWQrWqtLlNDeF9SNiBuEZj0gOHRlBtoV/G5kodDSCUcFv1UmuloPQDWdwIHtUtplwq4HyMlx+kwE2AyasX/gtRRo1wO6oRNBba+lM31pkwlkp5Ld8Nj1Xa9teuzo2xX5Y7QCP89Wo5uHaTZJZrfO7zww5UUY+2SQoMl5ZBk/WxRVlC8yMA7nz1XmcKL+Ut3495/iy6p2RUjLv5flU803CXHRY1N6BIMY3/01Gn/UzuunPOSOLn+okVwLZfqofb+PpCK/2ncnQcZojtikWvbTYWW3mtRBbcuG6yuVVk2qXZo7oqnky8XzT5P6aVL3MJKb2/uP2vWqRf1tIk7XotYSN8e3Iq1aVNfna++bBdBzzYIrRmOSicsXlDxFRcl22wzYG9eqZCsEQa9ewAXbvgVigs9HWnwkPhVTgWRN0F7f5+V7dl0X6t0VVd511e8dvIvTzQfu5QLl5p8EwIv/AA==</diagram></mxfile>