<mxfile userAgent="Mozilla/5.0 (Windows NT 6.1; Win64; x64; rv:60.0) Gecko/20100101 Firefox/60.0" version="8.8.1" editor="www.draw.io" type="github"><diagram id="6cb30888-1f14-2c6d-a0d4-dbb5e58e4ca8" name="Page-1">dZFNE4IgEIZ/DXeVPryb1aWTh84EiEzIOoij9evTwIyxODC7z7u7L7MgnNXDyZCmugDjCiURGxA+oCTZp7vxnsDDgQ3GDggjmUPxAgr55B5GnnaS8TYotADKyiaEFLTm1AaMGAN9WFaCCl0bIvgKFJSoNb1KZitP4yhahDOXovLW6dYLN0LvwkCnvR9KcPk+Tq7JPMvXtxVh0H8hnCOcGQDronrIuJpWO6/N9R3/qJ93G67tj4YxWGaPSfB/OH8B</diagram></mxfile>