<mxfile userAgent="Mozilla/5.0 (Windows NT 6.1; Win64; x64; rv:60.0) Gecko/20100101 Firefox/60.0" version="8.8.1" editor="www.draw.io" type="github"><diagram id="65442957-28f1-dc16-a904-c5b438459a18" name="Page-1">1ZQ9U4QwEIZ/TXpIlDtb8e5srCisI+yRzAXChHCAv95Alq9BZ2wspGCSZ3ezL292ICwuuovhlXjTGShCg6wj7IVQejhG7j2A3oMHxjzIjcw8CheQyE/wEMvyRmZQb/Ks1srKagtTXZaQ2g3jxuh2m3bVatu04jnsQJJytafvMrMCaRgES+AVZC6w9fERAx88veVGNyX2I5Rdx8eHCz6dhfm14JluV4idCIuN1tavii4GNTg7uebrzj9EZ90GSvubAuoL7lw1MCkeddl+8mL8GhjyA8KeWyEtJBVPh2jr7t4xYQvldqFb1tbo2+zZQPaKUOQdjIVuhVDhBXQB1vQuBaM0xLHAYTqgyHa5mmhiYnUr4RNCjuOQz0cvlrgFuvK9Q+w/OsRY9HcWue0yoGNs9Q9gpy8=</diagram></mxfile>